<<<<<<< HEAD
[EL Config]: metadata: 2014-09-25 01:00:17.197--ServerSession(2009787198)--Thread(Thread[main,5,main])--The access type for the persistent class [class Controlador.Clases.Usuario] is set to [FIELD].
[EL Config]: metadata: 2014-09-25 01:00:17.223--ServerSession(2009787198)--Thread(Thread[main,5,main])--The access type for the persistent class [class Controlador.Clases.Cliente] is set to [FIELD].
[EL Config]: metadata: 2014-09-25 01:00:17.224--ServerSession(2009787198)--Thread(Thread[main,5,main])--The access type for the persistent class [class Controlador.Clases.Proveedor] is set to [FIELD].
[EL Config]: metadata: 2014-09-25 01:00:17.224--ServerSession(2009787198)--Thread(Thread[main,5,main])--The access type for the persistent class [class Controlador.Clases.OrdenCompra] is set to [FIELD].
[EL Config]: metadata: 2014-09-25 01:00:17.232--ServerSession(2009787198)--Thread(Thread[main,5,main])--The target entity (reference) class for the one to many mapping element [field clienteCompraProducto] is being defaulted to: class Controlador.Clases.ClienteCompraProducto.
[EL Config]: metadata: 2014-09-25 01:00:17.233--ServerSession(2009787198)--Thread(Thread[main,5,main])--The access type for the persistent class [class Controlador.Clases.Producto] is set to [FIELD].
[EL Config]: metadata: 2014-09-25 01:00:17.236--ServerSession(2009787198)--Thread(Thread[main,5,main])--The target entity (reference) class for the many to one mapping element [field especificacionProducto] is being defaulted to: class Controlador.Clases.EspecificacionProducto.
[EL Config]: metadata: 2014-09-25 01:00:17.236--ServerSession(2009787198)--Thread(Thread[main,5,main])--The access type for the persistent class [class Controlador.Clases.ClienteCompraProducto] is set to [FIELD].
[EL Config]: metadata: 2014-09-25 01:00:17.237--ServerSession(2009787198)--Thread(Thread[main,5,main])--The element [field cliente] is being defaulted to a one to one mapping.
[EL Config]: metadata: 2014-09-25 01:00:17.237--ServerSession(2009787198)--Thread(Thread[main,5,main])--The target entity (reference) class for the many to one mapping element [field cliente] is being defaulted to: class Controlador.Clases.Cliente.
[EL Config]: metadata: 2014-09-25 01:00:17.237--ServerSession(2009787198)--Thread(Thread[main,5,main])--The element [field Orden] is being defaulted to a one to one mapping.
[EL Config]: metadata: 2014-09-25 01:00:17.238--ServerSession(2009787198)--Thread(Thread[main,5,main])--The target entity (reference) class for the many to one mapping element [field Orden] is being defaulted to: class Controlador.Clases.OrdenCompra.
[EL Config]: metadata: 2014-09-25 01:00:17.238--ServerSession(2009787198)--Thread(Thread[main,5,main])--The element [field producto] is being defaulted to a one to one mapping.
[EL Config]: metadata: 2014-09-25 01:00:17.238--ServerSession(2009787198)--Thread(Thread[main,5,main])--The target entity (reference) class for the many to one mapping element [field producto] is being defaulted to: class Controlador.Clases.Producto.
[EL Config]: metadata: 2014-09-25 01:00:17.238--ServerSession(2009787198)--Thread(Thread[main,5,main])--The access type for the persistent class [class Controlador.Clases.EspecificacionProducto] is set to [FIELD].
[EL Config]: metadata: 2014-09-25 01:00:17.239--ServerSession(2009787198)--Thread(Thread[main,5,main])--The target entity (reference) class for the one to many mapping element [field listaProductos] is being defaulted to: class Controlador.Clases.Producto.
[EL Config]: metadata: 2014-09-25 01:00:17.242--ServerSession(2009787198)--Thread(Thread[main,5,main])--The target class (reference) class for the element collection mapping element [field imagenes] is being defaulted to: class java.lang.String.
[EL Config]: metadata: 2014-09-25 01:00:17.243--ServerSession(2009787198)--Thread(Thread[main,5,main])--The target entity (reference) class for the many to many mapping element [field categorias] is being defaulted to: class Controlador.Clases.Categoria.
[EL Config]: metadata: 2014-09-25 01:00:17.243--ServerSession(2009787198)--Thread(Thread[main,5,main])--The target entity (reference) class for the many to one mapping element [field proveedor] is being defaulted to: class Controlador.Clases.Proveedor.
[EL Config]: metadata: 2014-09-25 01:00:17.243--ServerSession(2009787198)--Thread(Thread[main,5,main])--The target class (reference) class for the element collection mapping element [field especificacion] is being defaulted to: class java.lang.String.
[EL Config]: metadata: 2014-09-25 01:00:17.244--ServerSession(2009787198)--Thread(Thread[main,5,main])--The access type for the persistent class [class Controlador.Clases.Categoria] is set to [FIELD].
[EL Config]: metadata: 2014-09-25 01:00:17.244--ServerSession(2009787198)--Thread(Thread[main,5,main])--The target entity (reference) class for the many to one mapping element [field padre] is being defaulted to: class Controlador.Clases.Categoria.
[EL Config]: metadata: 2014-09-25 01:00:17.245--ServerSession(2009787198)--Thread(Thread[main,5,main])--The target entity (reference) class for the many to many mapping element [field listaProductos] is being defaulted to: class Controlador.Clases.EspecificacionProducto.
[EL Config]: metadata: 2014-09-25 01:00:17.245--ServerSession(2009787198)--Thread(Thread[main,5,main])--The alias name for the entity class [class Controlador.Clases.Cliente] is being defaulted to: Cliente.
[EL Config]: metadata: 2014-09-25 01:00:17.245--ServerSession(2009787198)--Thread(Thread[main,5,main])--The alias name for the entity class [class Controlador.Clases.Usuario] is being defaulted to: Usuario.
[EL Config]: metadata: 2014-09-25 01:00:17.246--ServerSession(2009787198)--Thread(Thread[main,5,main])--The table name for entity [class Controlador.Clases.Usuario] is being defaulted to: USUARIO.
[EL Config]: metadata: 2014-09-25 01:00:17.26--ServerSession(2009787198)--Thread(Thread[main,5,main])--The column name for element [fechaNacimiento] is being defaulted to: FECHANACIMIENTO.
[EL Config]: metadata: 2014-09-25 01:00:17.261--ServerSession(2009787198)--Thread(Thread[main,5,main])--The column name for element [apellido] is being defaulted to: APELLIDO.
[EL Config]: metadata: 2014-09-25 01:00:17.262--ServerSession(2009787198)--Thread(Thread[main,5,main])--The column name for element [nickname] is being defaulted to: NICKNAME.
[EL Config]: metadata: 2014-09-25 01:00:17.262--ServerSession(2009787198)--Thread(Thread[main,5,main])--The column name for element [imagen] is being defaulted to: IMAGEN.
[EL Config]: metadata: 2014-09-25 01:00:17.262--ServerSession(2009787198)--Thread(Thread[main,5,main])--The column name for element [nombre] is being defaulted to: NOMBRE.
[EL Config]: metadata: 2014-09-25 01:00:17.262--ServerSession(2009787198)--Thread(Thread[main,5,main])--The column name for element [email] is being defaulted to: EMAIL.
[EL Config]: metadata: 2014-09-25 01:00:17.263--ServerSession(2009787198)--Thread(Thread[main,5,main])--The table name for entity [class Controlador.Clases.Cliente] is being defaulted to: CLIENTE.
[EL Config]: metadata: 2014-09-25 01:00:17.263--ServerSession(2009787198)--Thread(Thread[main,5,main])--The primary key column name for the inheritance class [class Controlador.Clases.Cliente] is being defaulted to: NICKNAME.
[EL Config]: metadata: 2014-09-25 01:00:17.263--ServerSession(2009787198)--Thread(Thread[main,5,main])--The foreign key column name for the inheritance class [Controlador.Clases.Cliente] is being defaulted to: NICKNAME.
[EL Config]: metadata: 2014-09-25 01:00:17.263--ServerSession(2009787198)--Thread(Thread[main,5,main])--The alias name for the entity class [class Controlador.Clases.Proveedor] is being defaulted to: Proveedor.
[EL Config]: metadata: 2014-09-25 01:00:17.264--ServerSession(2009787198)--Thread(Thread[main,5,main])--The table name for entity [class Controlador.Clases.Proveedor] is being defaulted to: PROVEEDOR.
[EL Config]: metadata: 2014-09-25 01:00:17.264--ServerSession(2009787198)--Thread(Thread[main,5,main])--The primary key column name for the inheritance class [class Controlador.Clases.Proveedor] is being defaulted to: NICKNAME.
[EL Config]: metadata: 2014-09-25 01:00:17.264--ServerSession(2009787198)--Thread(Thread[main,5,main])--The foreign key column name for the inheritance class [Controlador.Clases.Proveedor] is being defaulted to: NICKNAME.
[EL Config]: metadata: 2014-09-25 01:00:17.264--ServerSession(2009787198)--Thread(Thread[main,5,main])--The column name for element [nombreCompania] is being defaulted to: NOMBRECOMPANIA.
[EL Config]: metadata: 2014-09-25 01:00:17.264--ServerSession(2009787198)--Thread(Thread[main,5,main])--The column name for element [linkSitio] is being defaulted to: LINKSITIO.
[EL Config]: metadata: 2014-09-25 01:00:17.264--ServerSession(2009787198)--Thread(Thread[main,5,main])--The alias name for the entity class [class Controlador.Clases.OrdenCompra] is being defaulted to: OrdenCompra.
[EL Config]: metadata: 2014-09-25 01:00:17.265--ServerSession(2009787198)--Thread(Thread[main,5,main])--The table name for entity [class Controlador.Clases.OrdenCompra] is being defaulted to: ORDENCOMPRA.
[EL Config]: metadata: 2014-09-25 01:00:17.265--ServerSession(2009787198)--Thread(Thread[main,5,main])--The column name for element [fecha] is being defaulted to: FECHA.
[EL Config]: metadata: 2014-09-25 01:00:17.265--ServerSession(2009787198)--Thread(Thread[main,5,main])--The alias name for the entity class [class Controlador.Clases.Producto] is being defaulted to: Producto.
[EL Config]: metadata: 2014-09-25 01:00:17.265--ServerSession(2009787198)--Thread(Thread[main,5,main])--The table name for entity [class Controlador.Clases.Producto] is being defaulted to: PRODUCTO.
[EL Config]: metadata: 2014-09-25 01:00:17.266--ServerSession(2009787198)--Thread(Thread[main,5,main])--The column name for element [enOrden] is being defaulted to: ENORDEN.
[EL Config]: metadata: 2014-09-25 01:00:17.266--ServerSession(2009787198)--Thread(Thread[main,5,main])--The column name for element [id] is being defaulted to: ID.
[EL Config]: metadata: 2014-09-25 01:00:17.266--ServerSession(2009787198)--Thread(Thread[main,5,main])--The alias name for the entity class [class Controlador.Clases.ClienteCompraProducto] is being defaulted to: ClienteCompraProducto.
[EL Config]: metadata: 2014-09-25 01:00:17.266--ServerSession(2009787198)--Thread(Thread[main,5,main])--The table name for entity [class Controlador.Clases.ClienteCompraProducto] is being defaulted to: CLIENTECOMPRAPRODUCTO.
[EL Config]: metadata: 2014-09-25 01:00:17.266--ServerSession(2009787198)--Thread(Thread[main,5,main])--The column name for element [precio] is being defaulted to: PRECIO.
[EL Config]: metadata: 2014-09-25 01:00:17.267--ServerSession(2009787198)--Thread(Thread[main,5,main])--The alias name for the entity class [class Controlador.Clases.EspecificacionProducto] is being defaulted to: EspecificacionProducto.
[EL Config]: metadata: 2014-09-25 01:00:17.267--ServerSession(2009787198)--Thread(Thread[main,5,main])--The table name for entity [class Controlador.Clases.EspecificacionProducto] is being defaulted to: ESPECIFICACIONPRODUCTO.
[EL Config]: metadata: 2014-09-25 01:00:17.267--ServerSession(2009787198)--Thread(Thread[main,5,main])--The column name for element [descripcion] is being defaulted to: DESCRIPCION.
[EL Config]: metadata: 2014-09-25 01:00:17.268--ServerSession(2009787198)--Thread(Thread[main,5,main])--The column name for element [precio] is being defaulted to: PRECIO.
[EL Config]: metadata: 2014-09-25 01:00:17.268--ServerSession(2009787198)--Thread(Thread[main,5,main])--The column name for element [nombre] is being defaulted to: NOMBRE.
[EL Config]: metadata: 2014-09-25 01:00:17.268--ServerSession(2009787198)--Thread(Thread[main,5,main])--The alias name for the entity class [class Controlador.Clases.Categoria] is being defaulted to: Categoria.
[EL Config]: metadata: 2014-09-25 01:00:17.268--ServerSession(2009787198)--Thread(Thread[main,5,main])--The table name for entity [class Controlador.Clases.Categoria] is being defaulted to: CATEGORIA.
[EL Config]: metadata: 2014-09-25 01:00:17.268--ServerSession(2009787198)--Thread(Thread[main,5,main])--The column name for element [nombre] is being defaulted to: NOMBRE.
[EL Config]: metadata: 2014-09-25 01:00:17.277--ServerSession(2009787198)--Thread(Thread[main,5,main])--The primary key column name for the mapping element [field cliente] is being defaulted to: NICKNAME.
[EL Config]: metadata: 2014-09-25 01:00:17.277--ServerSession(2009787198)--Thread(Thread[main,5,main])--The primary key column name for the mapping element [field Orden] is being defaulted to: NRO_ORDEN.
[EL Config]: metadata: 2014-09-25 01:00:17.278--ServerSession(2009787198)--Thread(Thread[main,5,main])--The primary key column name for the mapping element [field producto] is being defaulted to: ID.
[EL Warning]: metadata: 2014-09-25 01:00:17.278--ServerSession(2009787198)--Thread(Thread[main,5,main])--You have specified multiple ids for the entity class [Controlador.Clases.ClienteCompraProducto] without specifying an @IdClass. By doing this you may lose the ability to find by identity, distributed cache support etc. Note: You may however use entity manager find operations by passing a list of primary key fields. Else, you will have to use JPQL queries to read your entities. For other id options see @PrimaryKey.
[EL Config]: metadata: 2014-09-25 01:00:17.289--ServerSession(2009787198)--Thread(Thread[main,5,main])--The primary key column name for the mapping element [field imagenes] is being defaulted to: NROREFERENCIA.
[EL Config]: metadata: 2014-09-25 01:00:17.293--ServerSession(2009787198)--Thread(Thread[main,5,main])--The primary key column name for the mapping element [field especificacion] is being defaulted to: NROREFERENCIA.
[EL Config]: metadata: 2014-09-25 01:00:17.295--ServerSession(2009787198)--Thread(Thread[main,5,main])--The primary key column name for the mapping element [field especificacionProducto] is being defaulted to: NROREFERENCIA.
[EL Config]: metadata: 2014-09-25 01:00:17.298--ServerSession(2009787198)--Thread(Thread[main,5,main])--The primary key column name for the mapping element [field proveedor] is being defaulted to: NICKNAME.
[EL Config]: metadata: 2014-09-25 01:00:17.298--ServerSession(2009787198)--Thread(Thread[main,5,main])--The primary key column name for the mapping element [field padre] is being defaulted to: NOMBRE.
[EL Info]: 2014-09-25 01:00:17.692--ServerSession(2009787198)--Thread(Thread[main,5,main])--EclipseLink, version: Eclipse Persistence Services - 2.5.1.v20130918-f2b9fc5
[EL Fine]: connection: 2014-09-25 01:00:17.928--Thread(Thread[main,5,main])--Detected database platform: org.eclipse.persistence.platform.database.H2Platform
[EL Config]: connection: 2014-09-25 01:00:17.947--ServerSession(2009787198)--Connection(773300030)--Thread(Thread[main,5,main])--connecting(DatabaseLogin(
	platform=>H2Platform
	user name=> "admin"
	datasource URL=> "jdbc:h2:tcp://localhost/~/prog1"
))
[EL Config]: connection: 2014-09-25 01:00:17.971--ServerSession(2009787198)--Connection(698437724)--Thread(Thread[main,5,main])--Connected: jdbc:h2:tcp://localhost/~/prog1
	User: ADMIN
	Database: H2  Version: 1.4.181 (2014-08-06)
	Driver: H2 JDBC Driver  Version: 1.4.181 (2014-08-06)
[EL Info]: connection: 2014-09-25 01:00:18.019--ServerSession(2009787198)--Thread(Thread[main,5,main])--file:/home/rodro/workspace/tecnologo/ProgramacionAplicaciones/web/web/src/java/model/lib/ProgServer.jar_ProgramacionAppPU login successful
[EL Fine]: sql: 2014-09-25 01:00:18.205--ServerSession(2009787198)--Connection(698437724)--Thread(Thread[main,5,main])--SELECT t0.NICKNAME, t0.DTYPE, t0.APELLIDO, t0.EMAIL, t0.FECHANACIMIENTO, t0.IMAGEN, t0.NOMBRE, t1.NICKNAME FROM USUARIO t0, CLIENTE t1 WHERE ((t1.NICKNAME = t0.NICKNAME) AND (t0.DTYPE = ?))
	bind => [Cliente]
[EL Fine]: sql: 2014-09-25 01:00:18.327--ServerSession(2009787198)--Connection(698437724)--Thread(Thread[main,5,main])--SELECT NOMBRE, PADRE FROM CATEGORIA
[EL Fine]: sql: 2014-09-25 01:00:18.329--ServerSession(2009787198)--Connection(698437724)--Thread(Thread[main,5,main])--SELECT t1.NROREFERENCIA, t1.DESCRIPCION, t1.NOMBRE, t1.PRECIO, t1.PROVEEDOR_ID, t0.ESP_NROREF FROM CATEGORIAESPECIFICACIONPROD t0, ESPECIFICACIONPRODUCTO t1 WHERE ((t0.CAT_NAME = ?) AND (t1.NROREFERENCIA = t0.ESP_NROREF))
	bind => [asdf]
[EL Fine]: sql: 2014-09-25 01:00:18.333--ServerSession(2009787198)--Connection(698437724)--Thread(Thread[main,5,main])--SELECT t1.NROREFERENCIA, t1.DESCRIPCION, t1.NOMBRE, t1.PRECIO, t1.PROVEEDOR_ID, t0.ESP_NROREF FROM CATEGORIAESPECIFICACIONPROD t0, ESPECIFICACIONPRODUCTO t1 WHERE ((t0.CAT_NAME = ?) AND (t1.NROREFERENCIA = t0.ESP_NROREF))
	bind => [df]
[EL Fine]: sql: 2014-09-25 01:00:18.334--ServerSession(2009787198)--Connection(698437724)--Thread(Thread[main,5,main])--SELECT t1.NROREFERENCIA, t1.DESCRIPCION, t1.NOMBRE, t1.PRECIO, t1.PROVEEDOR_ID, t0.ESP_NROREF FROM CATEGORIAESPECIFICACIONPROD t0, ESPECIFICACIONPRODUCTO t1 WHERE ((t0.CAT_NAME = ?) AND (t1.NROREFERENCIA = t0.ESP_NROREF))
	bind => [a]
[EL Fine]: sql: 2014-09-25 01:00:18.336--ServerSession(2009787198)--Connection(698437724)--Thread(Thread[main,5,main])--SELECT t0.NICKNAME, t0.DTYPE, t0.APELLIDO, t0.EMAIL, t0.FECHANACIMIENTO, t0.IMAGEN, t0.NOMBRE, t1.NICKNAME, t1.LINKSITIO, t1.NOMBRECOMPANIA FROM USUARIO t0, PROVEEDOR t1 WHERE ((t0.NICKNAME = ?) AND ((t1.NICKNAME = t0.NICKNAME) AND (t0.DTYPE = ?)))
	bind => [fdsa, Proveedor]
[EL Fine]: sql: 2014-09-25 01:00:18.342--ServerSession(2009787198)--Connection(698437724)--Thread(Thread[main,5,main])--SELECT t1.NOMBRE, t1.PADRE FROM CATEGORIAESPECIFICACIONPROD t0, CATEGORIA t1 WHERE ((t0.ESP_NROREF = ?) AND (t1.NOMBRE = t0.CAT_NAME))
	bind => [2]
[EL Fine]: sql: 2014-09-25 01:00:18.344--ServerSession(2009787198)--Connection(698437724)--Thread(Thread[main,5,main])--SELECT ID, ENORDEN, ID_ESPECIFICO, ESPECIFICACION FROM PRODUCTO WHERE (ESPECIFICACION = ?)
	bind => [2]
[EL Fine]: sql: 2014-09-25 01:00:18.386--ServerSession(2009787198)--Connection(698437724)--Thread(Thread[main,5,main])--SELECT t1.NROREFERENCIA, t1.DESCRIPCION, t1.NOMBRE, t1.PRECIO, t1.PROVEEDOR_ID, t0.ESP_NROREF FROM CATEGORIAESPECIFICACIONPROD t0, ESPECIFICACIONPRODUCTO t1 WHERE ((t0.CAT_NAME = ?) AND (t1.NROREFERENCIA = t0.ESP_NROREF))
	bind => [ab]
[EL Fine]: sql: 2014-09-25 01:00:18.388--ServerSession(2009787198)--Connection(698437724)--Thread(Thread[main,5,main])--SELECT t1.NOMBRE, t1.PADRE FROM CATEGORIAESPECIFICACIONPROD t0, CATEGORIA t1 WHERE ((t0.ESP_NROREF = ?) AND (t1.NOMBRE = t0.CAT_NAME))
	bind => [13]
[EL Fine]: sql: 2014-09-25 01:00:18.389--ServerSession(2009787198)--Connection(698437724)--Thread(Thread[main,5,main])--SELECT ID, ENORDEN, ID_ESPECIFICO, ESPECIFICACION FROM PRODUCTO WHERE (ESPECIFICACION = ?)
	bind => [13]
[EL Fine]: sql: 2014-09-25 01:00:18.418--ServerSession(2009787198)--Connection(698437724)--Thread(Thread[main,5,main])--SELECT NOMBRE, PADRE FROM CATEGORIA WHERE (NOMBRE = ?)
	bind => [asdf]
[EL Fine]: sql: 2014-09-25 01:00:18.42--ServerSession(2009787198)--Connection(698437724)--Thread(Thread[main,5,main])--SELECT t1.NROREFERENCIA, t1.DESCRIPCION, t1.NOMBRE, t1.PRECIO, t1.PROVEEDOR_ID, t0.ESP_NROREF FROM CATEGORIAESPECIFICACIONPROD t0, ESPECIFICACIONPRODUCTO t1 WHERE ((t0.CAT_NAME = ?) AND (t1.NROREFERENCIA = t0.ESP_NROREF))
	bind => [asdf]
[EL Fine]: sql: 2014-09-25 01:00:18.424--ServerSession(2009787198)--Connection(698437724)--Thread(Thread[main,5,main])--SELECT NOMBRE, PADRE FROM CATEGORIA WHERE (NOMBRE = ?)
	bind => [df]
[EL Fine]: sql: 2014-09-25 01:00:18.426--ServerSession(2009787198)--Connection(698437724)--Thread(Thread[main,5,main])--SELECT t1.NROREFERENCIA, t1.DESCRIPCION, t1.NOMBRE, t1.PRECIO, t1.PROVEEDOR_ID, t0.ESP_NROREF FROM CATEGORIAESPECIFICACIONPROD t0, ESPECIFICACIONPRODUCTO t1 WHERE ((t0.CAT_NAME = ?) AND (t1.NROREFERENCIA = t0.ESP_NROREF))
	bind => [df]
[EL Fine]: sql: 2014-09-25 01:00:18.427--ServerSession(2009787198)--Connection(698437724)--Thread(Thread[main,5,main])--SELECT NOMBRE, PADRE FROM CATEGORIA WHERE (NOMBRE = ?)
	bind => [a]
[EL Fine]: sql: 2014-09-25 01:00:18.428--ServerSession(2009787198)--Connection(698437724)--Thread(Thread[main,5,main])--SELECT t1.NROREFERENCIA, t1.DESCRIPCION, t1.NOMBRE, t1.PRECIO, t1.PROVEEDOR_ID, t0.ESP_NROREF FROM CATEGORIAESPECIFICACIONPROD t0, ESPECIFICACIONPRODUCTO t1 WHERE ((t0.CAT_NAME = ?) AND (t1.NROREFERENCIA = t0.ESP_NROREF))
	bind => [a]
[EL Fine]: sql: 2014-09-25 01:00:18.429--ServerSession(2009787198)--Connection(698437724)--Thread(Thread[main,5,main])--SELECT t1.NOMBRE, t1.PADRE FROM CATEGORIAESPECIFICACIONPROD t0, CATEGORIA t1 WHERE ((t0.ESP_NROREF = ?) AND (t1.NOMBRE = t0.CAT_NAME))
	bind => [2]
[EL Fine]: sql: 2014-09-25 01:00:18.431--ServerSession(2009787198)--Connection(698437724)--Thread(Thread[main,5,main])--SELECT ID, ENORDEN, ID_ESPECIFICO, ESPECIFICACION FROM PRODUCTO WHERE (ESPECIFICACION = ?)
	bind => [2]
[EL Fine]: sql: 2014-09-25 01:00:18.46--ServerSession(2009787198)--Connection(698437724)--Thread(Thread[main,5,main])--SELECT NOMBRE, PADRE FROM CATEGORIA WHERE (NOMBRE = ?)
	bind => [ab]
[EL Fine]: sql: 2014-09-25 01:00:18.461--ServerSession(2009787198)--Connection(698437724)--Thread(Thread[main,5,main])--SELECT t1.NROREFERENCIA, t1.DESCRIPCION, t1.NOMBRE, t1.PRECIO, t1.PROVEEDOR_ID, t0.ESP_NROREF FROM CATEGORIAESPECIFICACIONPROD t0, ESPECIFICACIONPRODUCTO t1 WHERE ((t0.CAT_NAME = ?) AND (t1.NROREFERENCIA = t0.ESP_NROREF))
	bind => [ab]
[EL Fine]: sql: 2014-09-25 01:00:18.463--ServerSession(2009787198)--Connection(698437724)--Thread(Thread[main,5,main])--SELECT t1.NOMBRE, t1.PADRE FROM CATEGORIAESPECIFICACIONPROD t0, CATEGORIA t1 WHERE ((t0.ESP_NROREF = ?) AND (t1.NOMBRE = t0.CAT_NAME))
	bind => [13]
[EL Fine]: sql: 2014-09-25 01:00:18.463--ServerSession(2009787198)--Connection(698437724)--Thread(Thread[main,5,main])--SELECT ID, ENORDEN, ID_ESPECIFICO, ESPECIFICACION FROM PRODUCTO WHERE (ESPECIFICACION = ?)
	bind => [13]
[EL Fine]: sql: 2014-09-25 01:00:18.479--ServerSession(2009787198)--Connection(698437724)--Thread(Thread[main,5,main])--SELECT NOMBRE, PADRE FROM CATEGORIA
=======
[EL Config]: metadata: 2014-09-25 00:31:35.533--ServerSession(60559178)--Thread(Thread[main,5,main])--The access type for the persistent class [class Controlador.Clases.Usuario] is set to [FIELD].
[EL Config]: metadata: 2014-09-25 00:31:35.564--ServerSession(60559178)--Thread(Thread[main,5,main])--The access type for the persistent class [class Controlador.Clases.Cliente] is set to [FIELD].
[EL Config]: metadata: 2014-09-25 00:31:35.565--ServerSession(60559178)--Thread(Thread[main,5,main])--The access type for the persistent class [class Controlador.Clases.Proveedor] is set to [FIELD].
[EL Config]: metadata: 2014-09-25 00:31:35.565--ServerSession(60559178)--Thread(Thread[main,5,main])--The access type for the persistent class [class Controlador.Clases.OrdenCompra] is set to [FIELD].
[EL Config]: metadata: 2014-09-25 00:31:35.581--ServerSession(60559178)--Thread(Thread[main,5,main])--The target entity (reference) class for the one to many mapping element [field clienteCompraProducto] is being defaulted to: class Controlador.Clases.ClienteCompraProducto.
[EL Config]: metadata: 2014-09-25 00:31:35.583--ServerSession(60559178)--Thread(Thread[main,5,main])--The access type for the persistent class [class Controlador.Clases.Producto] is set to [FIELD].
[EL Config]: metadata: 2014-09-25 00:31:35.585--ServerSession(60559178)--Thread(Thread[main,5,main])--The target entity (reference) class for the many to one mapping element [field especificacionProducto] is being defaulted to: class Controlador.Clases.EspecificacionProducto.
[EL Config]: metadata: 2014-09-25 00:31:35.586--ServerSession(60559178)--Thread(Thread[main,5,main])--The access type for the persistent class [class Controlador.Clases.ClienteCompraProducto] is set to [FIELD].
[EL Config]: metadata: 2014-09-25 00:31:35.586--ServerSession(60559178)--Thread(Thread[main,5,main])--The element [field cliente] is being defaulted to a one to one mapping.
[EL Config]: metadata: 2014-09-25 00:31:35.586--ServerSession(60559178)--Thread(Thread[main,5,main])--The target entity (reference) class for the many to one mapping element [field cliente] is being defaulted to: class Controlador.Clases.Cliente.
[EL Config]: metadata: 2014-09-25 00:31:35.586--ServerSession(60559178)--Thread(Thread[main,5,main])--The element [field Orden] is being defaulted to a one to one mapping.
[EL Config]: metadata: 2014-09-25 00:31:35.586--ServerSession(60559178)--Thread(Thread[main,5,main])--The target entity (reference) class for the many to one mapping element [field Orden] is being defaulted to: class Controlador.Clases.OrdenCompra.
[EL Config]: metadata: 2014-09-25 00:31:35.587--ServerSession(60559178)--Thread(Thread[main,5,main])--The element [field producto] is being defaulted to a one to one mapping.
[EL Config]: metadata: 2014-09-25 00:31:35.587--ServerSession(60559178)--Thread(Thread[main,5,main])--The target entity (reference) class for the many to one mapping element [field producto] is being defaulted to: class Controlador.Clases.Producto.
[EL Config]: metadata: 2014-09-25 00:31:35.587--ServerSession(60559178)--Thread(Thread[main,5,main])--The access type for the persistent class [class Controlador.Clases.EspecificacionProducto] is set to [FIELD].
[EL Config]: metadata: 2014-09-25 00:31:35.587--ServerSession(60559178)--Thread(Thread[main,5,main])--The target entity (reference) class for the one to many mapping element [field listaProductos] is being defaulted to: class Controlador.Clases.Producto.
[EL Config]: metadata: 2014-09-25 00:31:35.594--ServerSession(60559178)--Thread(Thread[main,5,main])--The target class (reference) class for the element collection mapping element [field imagenes] is being defaulted to: class java.lang.String.
[EL Config]: metadata: 2014-09-25 00:31:35.595--ServerSession(60559178)--Thread(Thread[main,5,main])--The target entity (reference) class for the many to many mapping element [field categorias] is being defaulted to: class Controlador.Clases.Categoria.
[EL Config]: metadata: 2014-09-25 00:31:35.595--ServerSession(60559178)--Thread(Thread[main,5,main])--The target entity (reference) class for the many to one mapping element [field proveedor] is being defaulted to: class Controlador.Clases.Proveedor.
[EL Config]: metadata: 2014-09-25 00:31:35.596--ServerSession(60559178)--Thread(Thread[main,5,main])--The target class (reference) class for the element collection mapping element [field especificacion] is being defaulted to: class java.lang.String.
[EL Config]: metadata: 2014-09-25 00:31:35.596--ServerSession(60559178)--Thread(Thread[main,5,main])--The access type for the persistent class [class Controlador.Clases.Categoria] is set to [FIELD].
[EL Config]: metadata: 2014-09-25 00:31:35.597--ServerSession(60559178)--Thread(Thread[main,5,main])--The target entity (reference) class for the many to one mapping element [field padre] is being defaulted to: class Controlador.Clases.Categoria.
[EL Config]: metadata: 2014-09-25 00:31:35.597--ServerSession(60559178)--Thread(Thread[main,5,main])--The target entity (reference) class for the many to many mapping element [field listaProductos] is being defaulted to: class Controlador.Clases.EspecificacionProducto.
[EL Config]: metadata: 2014-09-25 00:31:35.597--ServerSession(60559178)--Thread(Thread[main,5,main])--The alias name for the entity class [class Controlador.Clases.Cliente] is being defaulted to: Cliente.
[EL Config]: metadata: 2014-09-25 00:31:35.598--ServerSession(60559178)--Thread(Thread[main,5,main])--The alias name for the entity class [class Controlador.Clases.Usuario] is being defaulted to: Usuario.
[EL Config]: metadata: 2014-09-25 00:31:35.598--ServerSession(60559178)--Thread(Thread[main,5,main])--The table name for entity [class Controlador.Clases.Usuario] is being defaulted to: USUARIO.
[EL Config]: metadata: 2014-09-25 00:31:35.62--ServerSession(60559178)--Thread(Thread[main,5,main])--The column name for element [fechaNacimiento] is being defaulted to: FECHANACIMIENTO.
[EL Config]: metadata: 2014-09-25 00:31:35.622--ServerSession(60559178)--Thread(Thread[main,5,main])--The column name for element [apellido] is being defaulted to: APELLIDO.
[EL Config]: metadata: 2014-09-25 00:31:35.623--ServerSession(60559178)--Thread(Thread[main,5,main])--The column name for element [nickname] is being defaulted to: NICKNAME.
[EL Config]: metadata: 2014-09-25 00:31:35.623--ServerSession(60559178)--Thread(Thread[main,5,main])--The column name for element [imagen] is being defaulted to: IMAGEN.
[EL Config]: metadata: 2014-09-25 00:31:35.624--ServerSession(60559178)--Thread(Thread[main,5,main])--The column name for element [nombre] is being defaulted to: NOMBRE.
[EL Config]: metadata: 2014-09-25 00:31:35.624--ServerSession(60559178)--Thread(Thread[main,5,main])--The column name for element [email] is being defaulted to: EMAIL.
[EL Config]: metadata: 2014-09-25 00:31:35.624--ServerSession(60559178)--Thread(Thread[main,5,main])--The table name for entity [class Controlador.Clases.Cliente] is being defaulted to: CLIENTE.
[EL Config]: metadata: 2014-09-25 00:31:35.625--ServerSession(60559178)--Thread(Thread[main,5,main])--The primary key column name for the inheritance class [class Controlador.Clases.Cliente] is being defaulted to: NICKNAME.
[EL Config]: metadata: 2014-09-25 00:31:35.626--ServerSession(60559178)--Thread(Thread[main,5,main])--The foreign key column name for the inheritance class [Controlador.Clases.Cliente] is being defaulted to: NICKNAME.
[EL Config]: metadata: 2014-09-25 00:31:35.626--ServerSession(60559178)--Thread(Thread[main,5,main])--The alias name for the entity class [class Controlador.Clases.Proveedor] is being defaulted to: Proveedor.
[EL Config]: metadata: 2014-09-25 00:31:35.626--ServerSession(60559178)--Thread(Thread[main,5,main])--The table name for entity [class Controlador.Clases.Proveedor] is being defaulted to: PROVEEDOR.
[EL Config]: metadata: 2014-09-25 00:31:35.627--ServerSession(60559178)--Thread(Thread[main,5,main])--The primary key column name for the inheritance class [class Controlador.Clases.Proveedor] is being defaulted to: NICKNAME.
[EL Config]: metadata: 2014-09-25 00:31:35.627--ServerSession(60559178)--Thread(Thread[main,5,main])--The foreign key column name for the inheritance class [Controlador.Clases.Proveedor] is being defaulted to: NICKNAME.
[EL Config]: metadata: 2014-09-25 00:31:35.627--ServerSession(60559178)--Thread(Thread[main,5,main])--The column name for element [nombreCompania] is being defaulted to: NOMBRECOMPANIA.
[EL Config]: metadata: 2014-09-25 00:31:35.628--ServerSession(60559178)--Thread(Thread[main,5,main])--The column name for element [linkSitio] is being defaulted to: LINKSITIO.
[EL Config]: metadata: 2014-09-25 00:31:35.628--ServerSession(60559178)--Thread(Thread[main,5,main])--The alias name for the entity class [class Controlador.Clases.OrdenCompra] is being defaulted to: OrdenCompra.
[EL Config]: metadata: 2014-09-25 00:31:35.629--ServerSession(60559178)--Thread(Thread[main,5,main])--The table name for entity [class Controlador.Clases.OrdenCompra] is being defaulted to: ORDENCOMPRA.
[EL Config]: metadata: 2014-09-25 00:31:35.629--ServerSession(60559178)--Thread(Thread[main,5,main])--The column name for element [fecha] is being defaulted to: FECHA.
[EL Config]: metadata: 2014-09-25 00:31:35.63--ServerSession(60559178)--Thread(Thread[main,5,main])--The alias name for the entity class [class Controlador.Clases.Producto] is being defaulted to: Producto.
[EL Config]: metadata: 2014-09-25 00:31:35.63--ServerSession(60559178)--Thread(Thread[main,5,main])--The table name for entity [class Controlador.Clases.Producto] is being defaulted to: PRODUCTO.
[EL Config]: metadata: 2014-09-25 00:31:35.63--ServerSession(60559178)--Thread(Thread[main,5,main])--The column name for element [enOrden] is being defaulted to: ENORDEN.
[EL Config]: metadata: 2014-09-25 00:31:35.631--ServerSession(60559178)--Thread(Thread[main,5,main])--The column name for element [id] is being defaulted to: ID.
[EL Config]: metadata: 2014-09-25 00:31:35.631--ServerSession(60559178)--Thread(Thread[main,5,main])--The alias name for the entity class [class Controlador.Clases.ClienteCompraProducto] is being defaulted to: ClienteCompraProducto.
[EL Config]: metadata: 2014-09-25 00:31:35.631--ServerSession(60559178)--Thread(Thread[main,5,main])--The table name for entity [class Controlador.Clases.ClienteCompraProducto] is being defaulted to: CLIENTECOMPRAPRODUCTO.
[EL Config]: metadata: 2014-09-25 00:31:35.631--ServerSession(60559178)--Thread(Thread[main,5,main])--The column name for element [precio] is being defaulted to: PRECIO.
[EL Config]: metadata: 2014-09-25 00:31:35.632--ServerSession(60559178)--Thread(Thread[main,5,main])--The alias name for the entity class [class Controlador.Clases.EspecificacionProducto] is being defaulted to: EspecificacionProducto.
[EL Config]: metadata: 2014-09-25 00:31:35.632--ServerSession(60559178)--Thread(Thread[main,5,main])--The table name for entity [class Controlador.Clases.EspecificacionProducto] is being defaulted to: ESPECIFICACIONPRODUCTO.
[EL Config]: metadata: 2014-09-25 00:31:35.632--ServerSession(60559178)--Thread(Thread[main,5,main])--The column name for element [descripcion] is being defaulted to: DESCRIPCION.
[EL Config]: metadata: 2014-09-25 00:31:35.633--ServerSession(60559178)--Thread(Thread[main,5,main])--The column name for element [precio] is being defaulted to: PRECIO.
[EL Config]: metadata: 2014-09-25 00:31:35.633--ServerSession(60559178)--Thread(Thread[main,5,main])--The column name for element [nombre] is being defaulted to: NOMBRE.
[EL Config]: metadata: 2014-09-25 00:31:35.633--ServerSession(60559178)--Thread(Thread[main,5,main])--The alias name for the entity class [class Controlador.Clases.Categoria] is being defaulted to: Categoria.
[EL Config]: metadata: 2014-09-25 00:31:35.634--ServerSession(60559178)--Thread(Thread[main,5,main])--The table name for entity [class Controlador.Clases.Categoria] is being defaulted to: CATEGORIA.
[EL Config]: metadata: 2014-09-25 00:31:35.634--ServerSession(60559178)--Thread(Thread[main,5,main])--The column name for element [nombre] is being defaulted to: NOMBRE.
[EL Config]: metadata: 2014-09-25 00:31:35.648--ServerSession(60559178)--Thread(Thread[main,5,main])--The primary key column name for the mapping element [field cliente] is being defaulted to: NICKNAME.
[EL Config]: metadata: 2014-09-25 00:31:35.65--ServerSession(60559178)--Thread(Thread[main,5,main])--The primary key column name for the mapping element [field Orden] is being defaulted to: NRO_ORDEN.
[EL Config]: metadata: 2014-09-25 00:31:35.651--ServerSession(60559178)--Thread(Thread[main,5,main])--The primary key column name for the mapping element [field producto] is being defaulted to: ID.
[EL Warning]: metadata: 2014-09-25 00:31:35.651--ServerSession(60559178)--Thread(Thread[main,5,main])--You have specified multiple ids for the entity class [Controlador.Clases.ClienteCompraProducto] without specifying an @IdClass. By doing this you may lose the ability to find by identity, distributed cache support etc. Note: You may however use entity manager find operations by passing a list of primary key fields. Else, you will have to use JPQL queries to read your entities. For other id options see @PrimaryKey.
[EL Config]: metadata: 2014-09-25 00:31:35.67--ServerSession(60559178)--Thread(Thread[main,5,main])--The primary key column name for the mapping element [field imagenes] is being defaulted to: NROREFERENCIA.
[EL Config]: metadata: 2014-09-25 00:31:35.676--ServerSession(60559178)--Thread(Thread[main,5,main])--The primary key column name for the mapping element [field especificacion] is being defaulted to: NROREFERENCIA.
[EL Config]: metadata: 2014-09-25 00:31:35.679--ServerSession(60559178)--Thread(Thread[main,5,main])--The primary key column name for the mapping element [field especificacionProducto] is being defaulted to: NROREFERENCIA.
[EL Config]: metadata: 2014-09-25 00:31:35.683--ServerSession(60559178)--Thread(Thread[main,5,main])--The primary key column name for the mapping element [field proveedor] is being defaulted to: NICKNAME.
[EL Config]: metadata: 2014-09-25 00:31:35.683--ServerSession(60559178)--Thread(Thread[main,5,main])--The primary key column name for the mapping element [field padre] is being defaulted to: NOMBRE.
[EL Info]: 2014-09-25 00:31:36.273--ServerSession(60559178)--Thread(Thread[main,5,main])--EclipseLink, version: Eclipse Persistence Services - 2.5.1.v20130918-f2b9fc5
[EL Severe]: ejb: 2014-09-25 00:31:38.918--ServerSession(60559178)--Thread(Thread[main,5,main])--Exception [EclipseLink-4002] (Eclipse Persistence Services - 2.5.1.v20130918-f2b9fc5): org.eclipse.persistence.exceptions.DatabaseException
Internal Exception: org.h2.jdbc.JdbcSQLException: Conexión rota: "java.net.ConnectException: Connection refused: localhost"
Connection is broken: "java.net.ConnectException: Connection refused: localhost" [90067-181]
Error Code: 90067
>>>>>>> origin/master
